// Jest Snapshot v1, https://goo.gl/fbAQLP

exports[`LoginPage tests should render default LoginPage component 1`] = `
<Component
  brandImgAlt="MOC logo"
  brandImgSrc={Object {}}
  footerListItems={
    Array [
      <Unknown
        onClick={[Function]}
      >
        Login with Institution/Google Account
      </Unknown>,
    ]
  }
  footerListVariants="inline"
  loginSubtitle="Please use your MOC credentials"
  loginTitle="Log in to your account"
  style={
    Object {
      "background": "linear-gradient(0deg, gray, transparent)",
    }
  }
  textContent="Mass Open Cloud OCP Metering"
>
  <Component
    helperTextIcon={
      <ExclamationCircleIcon
        color="currentColor"
        noVerticalAlign={false}
        size="sm"
      />
    }
    onChangePassword={[Function]}
    onChangeUsername={[Function]}
    onLoginButtonClick={[Function]}
    passwordLabel="Password"
    passwordValue=""
    showHelperText={false}
    usernameLabel="Username"
    usernameValue=""
  />
</Component>
`;
