// Jest Snapshot v1, https://goo.gl/fbAQLP

exports[`Dashboard tests should render default DashboardTable component 1`] = `
<div>
  <Component
    aria-label="Compact Table"
    caption="List of projects"
    cells={
      Array [
        "Namespace",
        "Project Active period",
      ]
    }
    key="dataTable"
    rows={
      Array [
        Object {
          "cells": Array [
            <BodyCell>
              <Link
                to="/projectlist/openshift-monitoring"
              >
                openshift-monitoring
              </Link>
            </BodyCell>,
            2,
          ],
        },
        Object {
          "cells": Array [
            <BodyCell>
              <Link
                to="/projectlist/hello-world"
              >
                hello-world
              </Link>
            </BodyCell>,
            1,
          ],
        },
        Object {
          "cells": Array [
            <BodyCell>
              <Link
                to="/projectlist/myproject"
              >
                myproject
              </Link>
            </BodyCell>,
            2,
          ],
        },
        Object {
          "cells": Array [
            <BodyCell>
              <Link
                to="/projectlist/sample-project"
              >
                sample-project
              </Link>
            </BodyCell>,
            3,
          ],
        },
        Object {
          "cells": Array [
            <BodyCell>
              <Link
                to="/projectlist/sample-project-1"
              >
                sample-project-1
              </Link>
            </BodyCell>,
            1,
          ],
        },
        Object {
          "cells": Array [
            <BodyCell>
              <Link
                to="/projectlist/sample-project-2"
              >
                sample-project-2
              </Link>
            </BodyCell>,
            1,
          ],
        },
        Object {
          "cells": Array [
            <BodyCell>
              <Link
                to="/projectlist/sample-project-3"
              >
                sample-project-3
              </Link>
            </BodyCell>,
            1,
          ],
        },
      ]
    }
    variant="compact"
  >
    <TableHeader />
    <TableBody />
  </Component>
</div>
`;
